// Jest Snapshot v1, https://goo.gl/fbAQLP

exports[`Editor renders a placeholder that contains HTML 1`] = `"<div id=\\"brace-editor\\" style=\\"width: 500px; height: 500px;\\" class=\\" ace_editor ace-tm\\"><textarea class=\\"ace_text-input\\" wrap=\\"off\\" autocorrect=\\"off\\" autocapitalize=\\"off\\" spellcheck=\\"false\\" style=\\"opacity: 0;\\"></textarea><div class=\\"ace_gutter\\" aria-hidden=\\"true\\"><div class=\\"ace_layer ace_gutter-layer ace_folding-enabled\\"></div><div class=\\"ace_gutter-active-line\\"></div></div><div class=\\"ace_scroller\\"><div class=\\"ace_content\\"><div class=\\"ace_layer ace_print-margin-layer\\"><div class=\\"ace_print-margin\\" style=\\"left: 4px; visibility: visible;\\"></div></div><div class=\\"ace_layer ace_marker-layer\\"></div><div class=\\"ace_layer ace_text-layer\\" style=\\"padding: 0px 4px;\\"></div><div class=\\"ace_layer ace_marker-layer\\"></div><div class=\\"ace_layer ace_cursor-layer ace_hidden-cursors\\"><div class=\\"ace_cursor\\"></div></div></div><div class=\\"ace_comment ace_placeholder\\" style=\\"padding: 0px 9px; position: absolute; z-index: 3;\\">I am a placeholder with <strong>HTML</strong>.</div></div><div class=\\"ace_scrollbar ace_scrollbar-v\\" style=\\"display: none; width: 20px;\\"><div class=\\"ace_scrollbar-inner\\" style=\\"width: 20px;\\"></div></div><div class=\\"ace_scrollbar ace_scrollbar-h\\" style=\\"display: none; height: 20px;\\"><div class=\\"ace_scrollbar-inner\\" style=\\"height: 20px;\\"></div></div><div style=\\"height: auto; width: auto; top: 0px; left: 0px; visibility: hidden; position: absolute; white-space: pre; overflow: hidden;\\"><div style=\\"height: auto; width: auto; top: 0px; left: 0px; visibility: hidden; position: absolute; white-space: pre; overflow: visible;\\"></div><div style=\\"height: auto; width: auto; top: 0px; left: 0px; visibility: hidden; position: absolute; white-space: pre; overflow: visible;\\">XXXXXXXXXXXXXXXXXXXXXXXXXXXXXXXXXXXXXXXXXXXXXXXXXXXXXXXXXXXXXXXXXXXXXXXXXXXXXXXXXXXXXXXXXXXXXXXXXXXX</div></div></div>"`;

exports[`Editor renders with a placeholder 1`] = `"<div id=\\"brace-editor\\" style=\\"width: 500px; height: 500px;\\" class=\\" ace_editor ace-tm\\"><textarea class=\\"ace_text-input\\" wrap=\\"off\\" autocorrect=\\"off\\" autocapitalize=\\"off\\" spellcheck=\\"false\\" style=\\"opacity: 0;\\"></textarea><div class=\\"ace_gutter\\" aria-hidden=\\"true\\"><div class=\\"ace_layer ace_gutter-layer ace_folding-enabled\\"></div><div class=\\"ace_gutter-active-line\\"></div></div><div class=\\"ace_scroller\\"><div class=\\"ace_content\\"><div class=\\"ace_layer ace_print-margin-layer\\"><div class=\\"ace_print-margin\\" style=\\"left: 4px; visibility: visible;\\"></div></div><div class=\\"ace_layer ace_marker-layer\\"></div><div class=\\"ace_layer ace_text-layer\\" style=\\"padding: 0px 4px;\\"></div><div class=\\"ace_layer ace_marker-layer\\"></div><div class=\\"ace_layer ace_cursor-layer ace_hidden-cursors\\"><div class=\\"ace_cursor\\"></div></div></div><div class=\\"ace_comment ace_placeholder\\" style=\\"padding: 0px 9px; position: absolute; z-index: 3;\\">I am a placeholder.</div></div><div class=\\"ace_scrollbar ace_scrollbar-v\\" style=\\"display: none; width: 20px;\\"><div class=\\"ace_scrollbar-inner\\" style=\\"width: 20px;\\"></div></div><div class=\\"ace_scrollbar ace_scrollbar-h\\" style=\\"display: none; height: 20px;\\"><div class=\\"ace_scrollbar-inner\\" style=\\"height: 20px;\\"></div></div><div style=\\"height: auto; width: auto; top: 0px; left: 0px; visibility: hidden; position: absolute; white-space: pre; overflow: hidden;\\"><div style=\\"height: auto; width: auto; top: 0px; left: 0px; visibility: hidden; position: absolute; white-space: pre; overflow: visible;\\"></div><div style=\\"height: auto; width: auto; top: 0px; left: 0px; visibility: hidden; position: absolute; white-space: pre; overflow: visible;\\">XXXXXXXXXXXXXXXXXXXXXXXXXXXXXXXXXXXXXXXXXXXXXXXXXXXXXXXXXXXXXXXXXXXXXXXXXXXXXXXXXXXXXXXXXXXXXXXXXXXX</div></div></div>"`;

exports[`Editor renders without a placeholder and value 1`] = `"<div id=\\"brace-editor\\" style=\\"width: 500px; height: 500px;\\" class=\\" ace_editor ace-tm\\"><textarea class=\\"ace_text-input\\" wrap=\\"off\\" autocorrect=\\"off\\" autocapitalize=\\"off\\" spellcheck=\\"false\\" style=\\"opacity: 0;\\"></textarea><div class=\\"ace_gutter\\" aria-hidden=\\"true\\"><div class=\\"ace_layer ace_gutter-layer ace_folding-enabled\\"></div><div class=\\"ace_gutter-active-line\\"></div></div><div class=\\"ace_scroller\\"><div class=\\"ace_content\\"><div class=\\"ace_layer ace_print-margin-layer\\"><div class=\\"ace_print-margin\\" style=\\"left: 4px; visibility: visible;\\"></div></div><div class=\\"ace_layer ace_marker-layer\\"></div><div class=\\"ace_layer ace_text-layer\\" style=\\"padding: 0px 4px;\\"></div><div class=\\"ace_layer ace_marker-layer\\"></div><div class=\\"ace_layer ace_cursor-layer ace_hidden-cursors\\"><div class=\\"ace_cursor\\"></div></div></div></div><div class=\\"ace_scrollbar ace_scrollbar-v\\" style=\\"display: none; width: 20px;\\"><div class=\\"ace_scrollbar-inner\\" style=\\"width: 20px;\\"></div></div><div class=\\"ace_scrollbar ace_scrollbar-h\\" style=\\"display: none; height: 20px;\\"><div class=\\"ace_scrollbar-inner\\" style=\\"height: 20px;\\"></div></div><div style=\\"height: auto; width: auto; top: 0px; left: 0px; visibility: hidden; position: absolute; white-space: pre; overflow: hidden;\\"><div style=\\"height: auto; width: auto; top: 0px; left: 0px; visibility: hidden; position: absolute; white-space: pre; overflow: visible;\\"></div><div style=\\"height: auto; width: auto; top: 0px; left: 0px; visibility: hidden; position: absolute; white-space: pre; overflow: visible;\\">XXXXXXXXXXXXXXXXXXXXXXXXXXXXXXXXXXXXXXXXXXXXXXXXXXXXXXXXXXXXXXXXXXXXXXXXXXXXXXXXXXXXXXXXXXXXXXXXXXXX</div></div></div>"`;
