// Jest Snapshot v1, https://goo.gl/fbAQLP

exports[`SideNav populates the display build information using the response from the healthz endpoint 1`] = `
<div
  className="root flexColumn noShrink"
  id="sideNav"
>
  <div
    style={
      Object {
        "flexGrow": 1,
      }
    }
  >
    <div
      className="indicator"
    />
    <WithStyles(Tooltip)
      disableFocusListener={true}
      disableHoverListener={true}
      disableTouchListener={true}
      enterDelay={300}
      placement="right-start"
      title="Pipeline List"
    >
      <Link
        className="unstyled"
        id="pipelinesBtn"
        replace={false}
        to="/pipelines"
      >
        <WithStyles(Button)
          className="button active"
        >
          <PipelinesIcon
            color="#0d6de7"
          />
          <span
            className="label"
          >
            Pipelines
          </span>
        </WithStyles(Button)>
      </Link>
    </WithStyles(Tooltip)>
    <div
      className="indicator indicatorHidden"
    />
    <WithStyles(Tooltip)
      disableFocusListener={true}
      disableHoverListener={true}
      disableTouchListener={true}
      enterDelay={300}
      placement="right-start"
      title="Experiment List"
    >
      <Link
        className="unstyled"
        id="experimentsBtn"
        replace={false}
        to="/experiments"
      >
        <WithStyles(Button)
          className="button"
        >
          <ExperimentsIcon
            color="#9aa0a6"
          />
          <span
            className="label"
          >
            Experiments
          </span>
        </WithStyles(Button)>
      </Link>
    </WithStyles(Tooltip)>
    <hr
      className="separator"
    />
    <div
      className="indicator indicatorHidden"
    />
    <WithStyles(Tooltip)
      disableFocusListener={true}
      disableHoverListener={true}
      disableTouchListener={true}
      enterDelay={300}
      placement="right-start"
      title="Archive"
    >
      <Link
        className="unstyled"
        id="archiveBtn"
        replace={false}
        to="/archive"
      >
        <WithStyles(Button)
          className="button"
        >
          <pure(ArchiveIcon)
            style={
              Object {
                "height": 20,
                "width": 20,
              }
            }
          />
          <span
            className="label"
          >
            Archive
          </span>
        </WithStyles(Button)>
      </Link>
    </WithStyles(Tooltip)>
    <hr
      className="separator"
    />
    <WithStyles(IconButton)
      className="chevron"
      onClick={[Function]}
    >
      <pure(ChevronLeftIcon) />
    </WithStyles(IconButton)>
  </div>
  <div
    className="infoVisible"
  >
    <WithStyles(Tooltip)
      enterDelay={300}
      placement="top-start"
      title="Build date: 10/23/2018"
    >
      <div
        className="buildInfo"
      >
        <span>
          Build commit: 
        </span>
        <a
          className="link unstyled"
          href="https://www.github.com/kubeflow/pipelines/commit/0a7b9e38f2b9bcdef4bbf3234d971e1635b50cd5"
          target="_blank"
        >
          0a7b9e3
        </a>
      </div>
    </WithStyles(Tooltip)>
  </div>
</div>
`;

exports[`SideNav renders Pipelines as active page 1`] = `
<div
  className="root flexColumn noShrink"
  id="sideNav"
>
  <div
    style={
      Object {
        "flexGrow": 1,
      }
    }
  >
    <div
      className="indicator"
    />
    <WithStyles(Tooltip)
      disableFocusListener={true}
      disableHoverListener={true}
      disableTouchListener={true}
      enterDelay={300}
      placement="right-start"
      title="Pipeline List"
    >
      <Link
        className="unstyled"
        id="pipelinesBtn"
        replace={false}
        to="/pipelines"
      >
        <WithStyles(Button)
          className="button active"
        >
          <PipelinesIcon
            color="#0d6de7"
          />
          <span
            className="label"
          >
            Pipelines
          </span>
        </WithStyles(Button)>
      </Link>
    </WithStyles(Tooltip)>
    <div
      className="indicator indicatorHidden"
    />
    <WithStyles(Tooltip)
      disableFocusListener={true}
      disableHoverListener={true}
      disableTouchListener={true}
      enterDelay={300}
      placement="right-start"
      title="Experiment List"
    >
      <Link
        className="unstyled"
        id="experimentsBtn"
        replace={false}
        to="/experiments"
      >
        <WithStyles(Button)
          className="button"
        >
          <ExperimentsIcon
            color="#9aa0a6"
          />
          <span
            className="label"
          >
            Experiments
          </span>
        </WithStyles(Button)>
      </Link>
    </WithStyles(Tooltip)>
    <hr
      className="separator"
    />
    <div
      className="indicator indicatorHidden"
    />
    <WithStyles(Tooltip)
      disableFocusListener={true}
      disableHoverListener={true}
      disableTouchListener={true}
      enterDelay={300}
      placement="right-start"
      title="Archive"
    >
      <Link
        className="unstyled"
        id="archiveBtn"
        replace={false}
        to="/archive"
      >
        <WithStyles(Button)
          className="button"
        >
          <pure(ArchiveIcon)
            style={
              Object {
                "height": 20,
                "width": 20,
              }
            }
          />
          <span
            className="label"
          >
            Archive
          </span>
        </WithStyles(Button)>
      </Link>
    </WithStyles(Tooltip)>
    <hr
      className="separator"
    />
    <WithStyles(IconButton)
      className="chevron"
      onClick={[Function]}
    >
      <pure(ChevronLeftIcon) />
    </WithStyles(IconButton)>
  </div>
  <div
    className="infoVisible"
  />
</div>
`;

exports[`SideNav renders Pipelines as active when on PipelineDetails page 1`] = `
<div
  className="root flexColumn noShrink"
  id="sideNav"
>
  <div
    style={
      Object {
        "flexGrow": 1,
      }
    }
  >
    <div
      className="indicator"
    />
    <WithStyles(Tooltip)
      disableFocusListener={true}
      disableHoverListener={true}
      disableTouchListener={true}
      enterDelay={300}
      placement="right-start"
      title="Pipeline List"
    >
      <Link
        className="unstyled"
        id="pipelinesBtn"
        replace={false}
        to="/pipelines"
      >
        <WithStyles(Button)
          className="button active"
        >
          <PipelinesIcon
            color="#0d6de7"
          />
          <span
            className="label"
          >
            Pipelines
          </span>
        </WithStyles(Button)>
      </Link>
    </WithStyles(Tooltip)>
    <div
      className="indicator indicatorHidden"
    />
    <WithStyles(Tooltip)
      disableFocusListener={true}
      disableHoverListener={true}
      disableTouchListener={true}
      enterDelay={300}
      placement="right-start"
      title="Experiment List"
    >
      <Link
        className="unstyled"
        id="experimentsBtn"
        replace={false}
        to="/experiments"
      >
        <WithStyles(Button)
          className="button"
        >
          <ExperimentsIcon
            color="#9aa0a6"
          />
          <span
            className="label"
          >
            Experiments
          </span>
        </WithStyles(Button)>
      </Link>
    </WithStyles(Tooltip)>
    <hr
      className="separator"
    />
    <div
      className="indicator indicatorHidden"
    />
    <WithStyles(Tooltip)
      disableFocusListener={true}
      disableHoverListener={true}
      disableTouchListener={true}
      enterDelay={300}
      placement="right-start"
      title="Archive"
    >
      <Link
        className="unstyled"
        id="archiveBtn"
        replace={false}
        to="/archive"
      >
        <WithStyles(Button)
          className="button"
        >
          <pure(ArchiveIcon)
            style={
              Object {
                "height": 20,
                "width": 20,
              }
            }
          />
          <span
            className="label"
          >
            Archive
          </span>
        </WithStyles(Button)>
      </Link>
    </WithStyles(Tooltip)>
    <hr
      className="separator"
    />
    <WithStyles(IconButton)
      className="chevron"
      onClick={[Function]}
    >
      <pure(ChevronLeftIcon) />
    </WithStyles(IconButton)>
  </div>
  <div
    className="infoVisible"
  />
</div>
`;

exports[`SideNav renders collapsed state 1`] = `
<div
  className="root flexColumn noShrink collapsedRoot"
  id="sideNav"
>
  <div
    style={
      Object {
        "flexGrow": 1,
      }
    }
  >
    <div
      className="indicator"
    />
    <WithStyles(Tooltip)
      disableFocusListener={false}
      disableHoverListener={false}
      disableTouchListener={false}
      enterDelay={300}
      placement="right-start"
      title="Pipeline List"
    >
      <Link
        className="unstyled"
        id="pipelinesBtn"
        replace={false}
        to="/pipelines"
      >
        <WithStyles(Button)
          className="button active collapsedButton"
        >
          <PipelinesIcon
            color="#0d6de7"
          />
          <span
            className="collapsedLabel label"
          >
            Pipelines
          </span>
        </WithStyles(Button)>
      </Link>
    </WithStyles(Tooltip)>
    <div
      className="indicator indicatorHidden"
    />
    <WithStyles(Tooltip)
      disableFocusListener={false}
      disableHoverListener={false}
      disableTouchListener={false}
      enterDelay={300}
      placement="right-start"
      title="Experiment List"
    >
      <Link
        className="unstyled"
        id="experimentsBtn"
        replace={false}
        to="/experiments"
      >
        <WithStyles(Button)
          className="button collapsedButton"
        >
          <ExperimentsIcon
            color="#9aa0a6"
          />
          <span
            className="collapsedLabel label"
          >
            Experiments
          </span>
        </WithStyles(Button)>
      </Link>
    </WithStyles(Tooltip)>
    <hr
      className="separator collapsedSeparator"
    />
    <div
      className="indicator indicatorHidden"
    />
    <WithStyles(Tooltip)
      disableFocusListener={false}
      disableHoverListener={false}
      disableTouchListener={false}
      enterDelay={300}
      placement="right-start"
      title="Archive"
    >
      <Link
        className="unstyled"
        id="archiveBtn"
        replace={false}
        to="/archive"
      >
        <WithStyles(Button)
          className="button collapsedButton"
        >
          <pure(ArchiveIcon)
            style={
              Object {
                "height": 20,
                "width": 20,
              }
            }
          />
          <span
            className="collapsedLabel label"
          >
            Archive
          </span>
        </WithStyles(Button)>
      </Link>
    </WithStyles(Tooltip)>
    <hr
      className="separator collapsedSeparator"
    />
    <WithStyles(IconButton)
      className="chevron collapsedChevron"
      onClick={[Function]}
    >
      <pure(ChevronLeftIcon) />
    </WithStyles(IconButton)>
  </div>
  <div
    className="infoHidden"
  />
</div>
`;

exports[`SideNav renders expanded state 1`] = `
<div
  className="root flexColumn noShrink"
  id="sideNav"
>
  <div
    style={
      Object {
        "flexGrow": 1,
      }
    }
  >
    <div
      className="indicator"
    />
    <WithStyles(Tooltip)
      disableFocusListener={true}
      disableHoverListener={true}
      disableTouchListener={true}
      enterDelay={300}
      placement="right-start"
      title="Pipeline List"
    >
      <Link
        className="unstyled"
        id="pipelinesBtn"
        replace={false}
        to="/pipelines"
      >
        <WithStyles(Button)
          className="button active"
        >
          <PipelinesIcon
            color="#0d6de7"
          />
          <span
            className="label"
          >
            Pipelines
          </span>
        </WithStyles(Button)>
      </Link>
    </WithStyles(Tooltip)>
    <div
      className="indicator indicatorHidden"
    />
    <WithStyles(Tooltip)
      disableFocusListener={true}
      disableHoverListener={true}
      disableTouchListener={true}
      enterDelay={300}
      placement="right-start"
      title="Experiment List"
    >
      <Link
        className="unstyled"
        id="experimentsBtn"
        replace={false}
        to="/experiments"
      >
        <WithStyles(Button)
          className="button"
        >
          <ExperimentsIcon
            color="#9aa0a6"
          />
          <span
            className="label"
          >
            Experiments
          </span>
        </WithStyles(Button)>
      </Link>
    </WithStyles(Tooltip)>
    <hr
      className="separator"
    />
    <div
      className="indicator indicatorHidden"
    />
    <WithStyles(Tooltip)
      disableFocusListener={true}
      disableHoverListener={true}
      disableTouchListener={true}
      enterDelay={300}
      placement="right-start"
      title="Archive"
    >
      <Link
        className="unstyled"
        id="archiveBtn"
        replace={false}
        to="/archive"
      >
        <WithStyles(Button)
          className="button"
        >
          <pure(ArchiveIcon)
            style={
              Object {
                "height": 20,
                "width": 20,
              }
            }
          />
          <span
            className="label"
          >
            Archive
          </span>
        </WithStyles(Button)>
      </Link>
    </WithStyles(Tooltip)>
    <hr
      className="separator"
    />
    <WithStyles(IconButton)
      className="chevron"
      onClick={[Function]}
    >
      <pure(ChevronLeftIcon) />
    </WithStyles(IconButton)>
  </div>
  <div
    className="infoVisible"
  />
</div>
`;

exports[`SideNav renders experiments as active page 1`] = `
<div
  className="root flexColumn noShrink"
  id="sideNav"
>
  <div
    style={
      Object {
        "flexGrow": 1,
      }
    }
  >
    <div
      className="indicator indicatorHidden"
    />
    <WithStyles(Tooltip)
      disableFocusListener={true}
      disableHoverListener={true}
      disableTouchListener={true}
      enterDelay={300}
      placement="right-start"
      title="Pipeline List"
    >
      <Link
        className="unstyled"
        id="pipelinesBtn"
        replace={false}
        to="/pipelines"
      >
        <WithStyles(Button)
          className="button"
        >
          <PipelinesIcon
            color="#9aa0a6"
          />
          <span
            className="label"
          >
            Pipelines
          </span>
        </WithStyles(Button)>
      </Link>
    </WithStyles(Tooltip)>
    <div
      className="indicator"
    />
    <WithStyles(Tooltip)
      disableFocusListener={true}
      disableHoverListener={true}
      disableTouchListener={true}
      enterDelay={300}
      placement="right-start"
      title="Experiment List"
    >
      <Link
        className="unstyled"
        id="experimentsBtn"
        replace={false}
        to="/experiments"
      >
        <WithStyles(Button)
          className="button active"
        >
          <ExperimentsIcon
            color="#0d6de7"
          />
          <span
            className="label"
          >
            Experiments
          </span>
        </WithStyles(Button)>
      </Link>
    </WithStyles(Tooltip)>
    <hr
      className="separator"
    />
    <div
      className="indicator indicatorHidden"
    />
    <WithStyles(Tooltip)
      disableFocusListener={true}
      disableHoverListener={true}
      disableTouchListener={true}
      enterDelay={300}
      placement="right-start"
      title="Archive"
    >
      <Link
        className="unstyled"
        id="archiveBtn"
        replace={false}
        to="/archive"
      >
        <WithStyles(Button)
          className="button"
        >
          <pure(ArchiveIcon)
            style={
              Object {
                "height": 20,
                "width": 20,
              }
            }
          />
          <span
            className="label"
          >
            Archive
          </span>
        </WithStyles(Button)>
      </Link>
    </WithStyles(Tooltip)>
    <hr
      className="separator"
    />
    <WithStyles(IconButton)
      className="chevron"
      onClick={[Function]}
    >
      <pure(ChevronLeftIcon) />
    </WithStyles(IconButton)>
  </div>
  <div
    className="infoVisible"
  />
</div>
`;

exports[`SideNav renders experiments as active page when on AllRuns page 1`] = `
<div
  className="root flexColumn noShrink"
  id="sideNav"
>
  <div
    style={
      Object {
        "flexGrow": 1,
      }
    }
  >
    <div
      className="indicator indicatorHidden"
    />
    <WithStyles(Tooltip)
      disableFocusListener={true}
      disableHoverListener={true}
      disableTouchListener={true}
      enterDelay={300}
      placement="right-start"
      title="Pipeline List"
    >
      <Link
        className="unstyled"
        id="pipelinesBtn"
        replace={false}
        to="/pipelines"
      >
        <WithStyles(Button)
          className="button"
        >
          <PipelinesIcon
            color="#9aa0a6"
          />
          <span
            className="label"
          >
            Pipelines
          </span>
        </WithStyles(Button)>
      </Link>
    </WithStyles(Tooltip)>
    <div
      className="indicator"
    />
    <WithStyles(Tooltip)
      disableFocusListener={true}
      disableHoverListener={true}
      disableTouchListener={true}
      enterDelay={300}
      placement="right-start"
      title="Experiment List"
    >
      <Link
        className="unstyled"
        id="experimentsBtn"
        replace={false}
        to="/experiments"
      >
        <WithStyles(Button)
          className="button active"
        >
          <ExperimentsIcon
            color="#0d6de7"
          />
          <span
            className="label"
          >
            Experiments
          </span>
        </WithStyles(Button)>
      </Link>
    </WithStyles(Tooltip)>
    <hr
      className="separator"
    />
    <div
      className="indicator indicatorHidden"
    />
    <WithStyles(Tooltip)
      disableFocusListener={true}
      disableHoverListener={true}
      disableTouchListener={true}
      enterDelay={300}
      placement="right-start"
      title="Archive"
    >
      <Link
        className="unstyled"
        id="archiveBtn"
        replace={false}
        to="/archive"
      >
        <WithStyles(Button)
          className="button"
        >
          <pure(ArchiveIcon)
            style={
              Object {
                "height": 20,
                "width": 20,
              }
            }
          />
          <span
            className="label"
          >
            Archive
          </span>
        </WithStyles(Button)>
      </Link>
    </WithStyles(Tooltip)>
    <hr
      className="separator"
    />
    <WithStyles(IconButton)
      className="chevron"
      onClick={[Function]}
    >
      <pure(ChevronLeftIcon) />
    </WithStyles(IconButton)>
  </div>
  <div
    className="infoVisible"
  />
</div>
`;

exports[`SideNav renders experiments as active page when on Compare page 1`] = `
<div
  className="root flexColumn noShrink"
  id="sideNav"
>
  <div
    style={
      Object {
        "flexGrow": 1,
      }
    }
  >
    <div
      className="indicator indicatorHidden"
    />
    <WithStyles(Tooltip)
      disableFocusListener={true}
      disableHoverListener={true}
      disableTouchListener={true}
      enterDelay={300}
      placement="right-start"
      title="Pipeline List"
    >
      <Link
        className="unstyled"
        id="pipelinesBtn"
        replace={false}
        to="/pipelines"
      >
        <WithStyles(Button)
          className="button"
        >
          <PipelinesIcon
            color="#9aa0a6"
          />
          <span
            className="label"
          >
            Pipelines
          </span>
        </WithStyles(Button)>
      </Link>
    </WithStyles(Tooltip)>
    <div
      className="indicator"
    />
    <WithStyles(Tooltip)
      disableFocusListener={true}
      disableHoverListener={true}
      disableTouchListener={true}
      enterDelay={300}
      placement="right-start"
      title="Experiment List"
    >
      <Link
        className="unstyled"
        id="experimentsBtn"
        replace={false}
        to="/experiments"
      >
        <WithStyles(Button)
          className="button active"
        >
          <ExperimentsIcon
            color="#0d6de7"
          />
          <span
            className="label"
          >
            Experiments
          </span>
        </WithStyles(Button)>
      </Link>
    </WithStyles(Tooltip)>
    <hr
      className="separator"
    />
    <div
      className="indicator indicatorHidden"
    />
    <WithStyles(Tooltip)
      disableFocusListener={true}
      disableHoverListener={true}
      disableTouchListener={true}
      enterDelay={300}
      placement="right-start"
      title="Archive"
    >
      <Link
        className="unstyled"
        id="archiveBtn"
        replace={false}
        to="/archive"
      >
        <WithStyles(Button)
          className="button"
        >
          <pure(ArchiveIcon)
            style={
              Object {
                "height": 20,
                "width": 20,
              }
            }
          />
          <span
            className="label"
          >
            Archive
          </span>
        </WithStyles(Button)>
      </Link>
    </WithStyles(Tooltip)>
    <hr
      className="separator"
    />
    <WithStyles(IconButton)
      className="chevron"
      onClick={[Function]}
    >
      <pure(ChevronLeftIcon) />
    </WithStyles(IconButton)>
  </div>
  <div
    className="infoVisible"
  />
</div>
`;

exports[`SideNav renders experiments as active page when on NewExperiment page 1`] = `
<div
  className="root flexColumn noShrink"
  id="sideNav"
>
  <div
    style={
      Object {
        "flexGrow": 1,
      }
    }
  >
    <div
      className="indicator indicatorHidden"
    />
    <WithStyles(Tooltip)
      disableFocusListener={true}
      disableHoverListener={true}
      disableTouchListener={true}
      enterDelay={300}
      placement="right-start"
      title="Pipeline List"
    >
      <Link
        className="unstyled"
        id="pipelinesBtn"
        replace={false}
        to="/pipelines"
      >
        <WithStyles(Button)
          className="button"
        >
          <PipelinesIcon
            color="#9aa0a6"
          />
          <span
            className="label"
          >
            Pipelines
          </span>
        </WithStyles(Button)>
      </Link>
    </WithStyles(Tooltip)>
    <div
      className="indicator"
    />
    <WithStyles(Tooltip)
      disableFocusListener={true}
      disableHoverListener={true}
      disableTouchListener={true}
      enterDelay={300}
      placement="right-start"
      title="Experiment List"
    >
      <Link
        className="unstyled"
        id="experimentsBtn"
        replace={false}
        to="/experiments"
      >
        <WithStyles(Button)
          className="button active"
        >
          <ExperimentsIcon
            color="#0d6de7"
          />
          <span
            className="label"
          >
            Experiments
          </span>
        </WithStyles(Button)>
      </Link>
    </WithStyles(Tooltip)>
    <hr
      className="separator"
    />
    <div
      className="indicator indicatorHidden"
    />
    <WithStyles(Tooltip)
      disableFocusListener={true}
      disableHoverListener={true}
      disableTouchListener={true}
      enterDelay={300}
      placement="right-start"
      title="Archive"
    >
      <Link
        className="unstyled"
        id="archiveBtn"
        replace={false}
        to="/archive"
      >
        <WithStyles(Button)
          className="button"
        >
          <pure(ArchiveIcon)
            style={
              Object {
                "height": 20,
                "width": 20,
              }
            }
          />
          <span
            className="label"
          >
            Archive
          </span>
        </WithStyles(Button)>
      </Link>
    </WithStyles(Tooltip)>
    <hr
      className="separator"
    />
    <WithStyles(IconButton)
      className="chevron"
      onClick={[Function]}
    >
      <pure(ChevronLeftIcon) />
    </WithStyles(IconButton)>
  </div>
  <div
    className="infoVisible"
  />
</div>
`;

exports[`SideNav renders experiments as active page when on NewRun page 1`] = `
<div
  className="root flexColumn noShrink"
  id="sideNav"
>
  <div
    style={
      Object {
        "flexGrow": 1,
      }
    }
  >
    <div
      className="indicator indicatorHidden"
    />
    <WithStyles(Tooltip)
      disableFocusListener={true}
      disableHoverListener={true}
      disableTouchListener={true}
      enterDelay={300}
      placement="right-start"
      title="Pipeline List"
    >
      <Link
        className="unstyled"
        id="pipelinesBtn"
        replace={false}
        to="/pipelines"
      >
        <WithStyles(Button)
          className="button"
        >
          <PipelinesIcon
            color="#9aa0a6"
          />
          <span
            className="label"
          >
            Pipelines
          </span>
        </WithStyles(Button)>
      </Link>
    </WithStyles(Tooltip)>
    <div
      className="indicator"
    />
    <WithStyles(Tooltip)
      disableFocusListener={true}
      disableHoverListener={true}
      disableTouchListener={true}
      enterDelay={300}
      placement="right-start"
      title="Experiment List"
    >
      <Link
        className="unstyled"
        id="experimentsBtn"
        replace={false}
        to="/experiments"
      >
        <WithStyles(Button)
          className="button active"
        >
          <ExperimentsIcon
            color="#0d6de7"
          />
          <span
            className="label"
          >
            Experiments
          </span>
        </WithStyles(Button)>
      </Link>
    </WithStyles(Tooltip)>
    <hr
      className="separator"
    />
    <div
      className="indicator indicatorHidden"
    />
    <WithStyles(Tooltip)
      disableFocusListener={true}
      disableHoverListener={true}
      disableTouchListener={true}
      enterDelay={300}
      placement="right-start"
      title="Archive"
    >
      <Link
        className="unstyled"
        id="archiveBtn"
        replace={false}
        to="/archive"
      >
        <WithStyles(Button)
          className="button"
        >
          <pure(ArchiveIcon)
            style={
              Object {
                "height": 20,
                "width": 20,
              }
            }
          />
          <span
            className="label"
          >
            Archive
          </span>
        </WithStyles(Button)>
      </Link>
    </WithStyles(Tooltip)>
    <hr
      className="separator"
    />
    <WithStyles(IconButton)
      className="chevron"
      onClick={[Function]}
    >
      <pure(ChevronLeftIcon) />
    </WithStyles(IconButton)>
  </div>
  <div
    className="infoVisible"
  />
</div>
`;

exports[`SideNav renders experiments as active page when on RecurringRunDetails page 1`] = `
<div
  className="root flexColumn noShrink"
  id="sideNav"
>
  <div
    style={
      Object {
        "flexGrow": 1,
      }
    }
  >
    <div
      className="indicator indicatorHidden"
    />
    <WithStyles(Tooltip)
      disableFocusListener={true}
      disableHoverListener={true}
      disableTouchListener={true}
      enterDelay={300}
      placement="right-start"
      title="Pipeline List"
    >
      <Link
        className="unstyled"
        id="pipelinesBtn"
        replace={false}
        to="/pipelines"
      >
        <WithStyles(Button)
          className="button"
        >
          <PipelinesIcon
            color="#9aa0a6"
          />
          <span
            className="label"
          >
            Pipelines
          </span>
        </WithStyles(Button)>
      </Link>
    </WithStyles(Tooltip)>
    <div
      className="indicator"
    />
    <WithStyles(Tooltip)
      disableFocusListener={true}
      disableHoverListener={true}
      disableTouchListener={true}
      enterDelay={300}
      placement="right-start"
      title="Experiment List"
    >
      <Link
        className="unstyled"
        id="experimentsBtn"
        replace={false}
        to="/experiments"
      >
        <WithStyles(Button)
          className="button active"
        >
          <ExperimentsIcon
            color="#0d6de7"
          />
          <span
            className="label"
          >
            Experiments
          </span>
        </WithStyles(Button)>
      </Link>
    </WithStyles(Tooltip)>
    <hr
      className="separator"
    />
    <div
      className="indicator indicatorHidden"
    />
    <WithStyles(Tooltip)
      disableFocusListener={true}
      disableHoverListener={true}
      disableTouchListener={true}
      enterDelay={300}
      placement="right-start"
      title="Archive"
    >
      <Link
        className="unstyled"
        id="archiveBtn"
        replace={false}
        to="/archive"
      >
        <WithStyles(Button)
          className="button"
        >
          <pure(ArchiveIcon)
            style={
              Object {
                "height": 20,
                "width": 20,
              }
            }
          />
          <span
            className="label"
          >
            Archive
          </span>
        </WithStyles(Button)>
      </Link>
    </WithStyles(Tooltip)>
    <hr
      className="separator"
    />
    <WithStyles(IconButton)
      className="chevron"
      onClick={[Function]}
    >
      <pure(ChevronLeftIcon) />
    </WithStyles(IconButton)>
  </div>
  <div
    className="infoVisible"
  />
</div>
`;

exports[`SideNav renders experiments as active page when on RunDetails page 1`] = `
<div
  className="root flexColumn noShrink"
  id="sideNav"
>
  <div
    style={
      Object {
        "flexGrow": 1,
      }
    }
  >
    <div
      className="indicator indicatorHidden"
    />
    <WithStyles(Tooltip)
      disableFocusListener={true}
      disableHoverListener={true}
      disableTouchListener={true}
      enterDelay={300}
      placement="right-start"
      title="Pipeline List"
    >
      <Link
        className="unstyled"
        id="pipelinesBtn"
        replace={false}
        to="/pipelines"
      >
        <WithStyles(Button)
          className="button"
        >
          <PipelinesIcon
            color="#9aa0a6"
          />
          <span
            className="label"
          >
            Pipelines
          </span>
        </WithStyles(Button)>
      </Link>
    </WithStyles(Tooltip)>
    <div
      className="indicator"
    />
    <WithStyles(Tooltip)
      disableFocusListener={true}
      disableHoverListener={true}
      disableTouchListener={true}
      enterDelay={300}
      placement="right-start"
      title="Experiment List"
    >
      <Link
        className="unstyled"
        id="experimentsBtn"
        replace={false}
        to="/experiments"
      >
        <WithStyles(Button)
          className="button active"
        >
          <ExperimentsIcon
            color="#0d6de7"
          />
          <span
            className="label"
          >
            Experiments
          </span>
        </WithStyles(Button)>
      </Link>
    </WithStyles(Tooltip)>
    <hr
      className="separator"
    />
    <div
      className="indicator indicatorHidden"
    />
    <WithStyles(Tooltip)
      disableFocusListener={true}
      disableHoverListener={true}
      disableTouchListener={true}
      enterDelay={300}
      placement="right-start"
      title="Archive"
    >
      <Link
        className="unstyled"
        id="archiveBtn"
        replace={false}
        to="/archive"
      >
        <WithStyles(Button)
          className="button"
        >
          <pure(ArchiveIcon)
            style={
              Object {
                "height": 20,
                "width": 20,
              }
            }
          />
          <span
            className="label"
          >
            Archive
          </span>
        </WithStyles(Button)>
      </Link>
    </WithStyles(Tooltip)>
    <hr
      className="separator"
    />
    <WithStyles(IconButton)
      className="chevron"
      onClick={[Function]}
    >
      <pure(ChevronLeftIcon) />
    </WithStyles(IconButton)>
  </div>
  <div
    className="infoVisible"
  />
</div>
`;

exports[`SideNav renders experiments as active when on ExperimentDetails page 1`] = `
<div
  className="root flexColumn noShrink"
  id="sideNav"
>
  <div
    style={
      Object {
        "flexGrow": 1,
      }
    }
  >
    <div
      className="indicator indicatorHidden"
    />
    <WithStyles(Tooltip)
      disableFocusListener={true}
      disableHoverListener={true}
      disableTouchListener={true}
      enterDelay={300}
      placement="right-start"
      title="Pipeline List"
    >
      <Link
        className="unstyled"
        id="pipelinesBtn"
        replace={false}
        to="/pipelines"
      >
        <WithStyles(Button)
          className="button"
        >
          <PipelinesIcon
            color="#9aa0a6"
          />
          <span
            className="label"
          >
            Pipelines
          </span>
        </WithStyles(Button)>
      </Link>
    </WithStyles(Tooltip)>
    <div
      className="indicator"
    />
    <WithStyles(Tooltip)
      disableFocusListener={true}
      disableHoverListener={true}
      disableTouchListener={true}
      enterDelay={300}
      placement="right-start"
      title="Experiment List"
    >
      <Link
        className="unstyled"
        id="experimentsBtn"
        replace={false}
        to="/experiments"
      >
        <WithStyles(Button)
          className="button active"
        >
          <ExperimentsIcon
            color="#0d6de7"
          />
          <span
            className="label"
          >
            Experiments
          </span>
        </WithStyles(Button)>
      </Link>
    </WithStyles(Tooltip)>
    <hr
      className="separator"
    />
    <div
      className="indicator indicatorHidden"
    />
    <WithStyles(Tooltip)
      disableFocusListener={true}
      disableHoverListener={true}
      disableTouchListener={true}
      enterDelay={300}
      placement="right-start"
      title="Archive"
    >
      <Link
        className="unstyled"
        id="archiveBtn"
        replace={false}
        to="/archive"
      >
        <WithStyles(Button)
          className="button"
        >
          <pure(ArchiveIcon)
            style={
              Object {
                "height": 20,
                "width": 20,
              }
            }
          />
          <span
            className="label"
          >
            Archive
          </span>
        </WithStyles(Button)>
      </Link>
    </WithStyles(Tooltip)>
    <hr
      className="separator"
    />
    <WithStyles(IconButton)
      className="chevron"
      onClick={[Function]}
    >
      <pure(ChevronLeftIcon) />
    </WithStyles(IconButton)>
  </div>
  <div
    className="infoVisible"
  />
</div>
`;

exports[`SideNav show jupyterhub link if accessible 1`] = `
<div
  className="root flexColumn noShrink"
  id="sideNav"
>
  <div
    style={
      Object {
        "flexGrow": 1,
      }
    }
  >
    <div
      className="indicator indicatorHidden"
    />
    <WithStyles(Tooltip)
      disableFocusListener={true}
      disableHoverListener={true}
      disableTouchListener={true}
      enterDelay={300}
      placement="right-start"
      title="Pipeline List"
    >
      <Link
        className="unstyled"
        id="pipelinesBtn"
        replace={false}
        to="/pipelines"
      >
        <WithStyles(Button)
          className="button"
        >
          <PipelinesIcon
            color="#9aa0a6"
          />
          <span
            className="label"
          >
            Pipelines
          </span>
        </WithStyles(Button)>
      </Link>
    </WithStyles(Tooltip)>
    <div
      className="indicator"
    />
    <WithStyles(Tooltip)
      disableFocusListener={true}
      disableHoverListener={true}
      disableTouchListener={true}
      enterDelay={300}
      placement="right-start"
      title="Experiment List"
    >
      <Link
        className="unstyled"
        id="experimentsBtn"
        replace={false}
        to="/experiments"
      >
        <WithStyles(Button)
          className="button active"
        >
          <ExperimentsIcon
            color="#0d6de7"
          />
          <span
            className="label"
          >
            Experiments
          </span>
        </WithStyles(Button)>
      </Link>
    </WithStyles(Tooltip)>
    <WithStyles(Tooltip)
      disableFocusListener={true}
      disableHoverListener={true}
      disableTouchListener={true}
      enterDelay={300}
      placement="right-start"
      title="Open Jupyter Notebook"
    >
      <a
        className="unstyled"
        href="/hub/"
        id="jupyterhubBtn"
        target="_blank"
      >
        <WithStyles(Button)
          className="button"
        >
          <pure(CodeIcon)
            style={
              Object {
                "height": 20,
                "width": 20,
              }
            }
          />
          <span
            className="label"
          >
            Notebooks
          </span>
          <pure(OpenInNewIcon)
            className="openInNewTabIcon"
          />
        </WithStyles(Button)>
      </a>
    </WithStyles(Tooltip)>
    <hr
      className="separator"
    />
    <div
      className="indicator indicatorHidden"
    />
    <WithStyles(Tooltip)
      disableFocusListener={true}
      disableHoverListener={true}
      disableTouchListener={true}
      enterDelay={300}
      placement="right-start"
      title="Archive"
    >
      <Link
        className="unstyled"
        id="archiveBtn"
        replace={false}
        to="/archive"
      >
        <WithStyles(Button)
          className="button"
        >
          <pure(ArchiveIcon)
            style={
              Object {
                "height": 20,
                "width": 20,
              }
            }
          />
          <span
            className="label"
          >
            Archive
          </span>
        </WithStyles(Button)>
      </Link>
    </WithStyles(Tooltip)>
    <hr
      className="separator"
    />
    <WithStyles(IconButton)
      className="chevron"
      onClick={[Function]}
    >
      <pure(ChevronLeftIcon) />
    </WithStyles(IconButton)>
  </div>
  <div
    className="infoVisible"
  />
</div>
`;
