// Jest Snapshot v1, https://goo.gl/fbAQLP

exports[`Archive renders archived runs 1`] = `
<div
  className="page"
>
  <RunList
    history={
      Object {
        "push": [MockFunction],
      }
    }
    location={Object {}}
    match={Object {}}
    onError={[Function]}
    onSelectionChange={[Function]}
    selectedIds={Array []}
    storageState="STORAGESTATE_ARCHIVED"
    toolbarProps={
      Object {
        "actions": Object {
          "refresh": Object {
            "action": [Function],
            "id": "refreshBtn",
            "title": "Refresh",
            "tooltip": "Refresh the list",
          },
          "restore": Object {
            "action": [Function],
            "disabled": true,
            "disabledTitle": "Select at least one resource to restore",
            "id": "restoreBtn",
            "title": "Restore",
            "tooltip": "Restore",
          },
        },
        "breadcrumbs": Array [],
        "pageTitle": "Archive",
      }
    }
    updateBanner={
      [MockFunction] {
        "calls": Array [
          Array [
            Object {},
          ],
        ],
      }
    }
    updateDialog={null}
    updateSnackbar={null}
    updateToolbar={
      [MockFunction] {
        "calls": Array [
          Array [
            Object {
              "actions": Object {
                "refresh": Object {
                  "action": [Function],
                  "id": "refreshBtn",
                  "title": "Refresh",
                  "tooltip": "Refresh the list",
                },
                "restore": Object {
                  "action": [Function],
                  "disabled": true,
                  "disabledTitle": "Select at least one resource to restore",
                  "id": "restoreBtn",
                  "title": "Restore",
                  "tooltip": "Restore",
                },
              },
              "breadcrumbs": Array [],
              "pageTitle": "Archive",
            },
          ],
        ],
      }
    }
  />
</div>
`;
