// Jest Snapshot v1, https://goo.gl/fbAQLP

exports[`ResourceSelector displays resource selector 1`] = `
<DocumentFragment>
  <div
    class="root topLevelToolbar"
  >
    <div
      style="min-width: 100px;"
    >
      <div
        class="breadcrumbs flex"
      />
      <div
        class="flex"
      >
        <span
          class="pageName ellipsis"
          data-testid="page-title"
        >
          A test selector
        </span>
      </div>
    </div>
    <div
      class="actions"
    />
  </div>
  <div
    class="pageOverflowHidden"
  >
    <div>
      <div
        class="MuiFormControl-root MuiTextField-root filterBox css-1u3bzj6-MuiFormControl-root-MuiTextField-root"
        spellcheck="false"
        style="height: 48px; max-width: 100%; width: 100%;"
      >
        <label
          class="MuiFormLabel-root MuiInputLabel-root noMargin MuiInputLabel-formControl MuiInputLabel-animated MuiInputLabel-shrink MuiInputLabel-sizeMedium MuiInputLabel-outlined MuiFormLabel-colorPrimary MuiInputLabel-root noMargin MuiInputLabel-formControl MuiInputLabel-animated MuiInputLabel-shrink MuiInputLabel-sizeMedium MuiInputLabel-outlined css-1jy569b-MuiFormLabel-root-MuiInputLabel-root"
          data-shrink="true"
          for="tableFilterBox"
          id="tableFilterBox-label"
        >
          test filter label
        </label>
        <div
          class="MuiInputBase-root MuiOutlinedInput-root noLeftPadding MuiInputBase-colorPrimary MuiInputBase-formControl MuiInputBase-adornedStart css-1q6at85-MuiInputBase-root-MuiOutlinedInput-root"
        >
          <div
            class="MuiInputAdornment-root MuiInputAdornment-positionEnd MuiInputAdornment-outlined MuiInputAdornment-sizeMedium css-1laqsz7-MuiInputAdornment-root"
          >
            <svg
              aria-hidden="true"
              class="MuiSvgIcon-root MuiSvgIcon-fontSizeMedium css-i4bv87-MuiSvgIcon-root"
              data-testid="FilterListIcon"
              focusable="false"
              style="color: rgb(128, 134, 139); padding-right: 16px;"
              viewBox="0 0 24 24"
            >
              <path
                d="M10 18h4v-2h-4zM3 6v2h18V6zm3 7h12v-2H6z"
              />
            </svg>
          </div>
          <input
            aria-invalid="false"
            class="MuiInputBase-input MuiOutlinedInput-input MuiInputBase-inputAdornedStart css-1o9s3wi-MuiInputBase-input-MuiOutlinedInput-input"
            id="tableFilterBox"
            type="text"
            value=""
          />
          <fieldset
            aria-hidden="true"
            class="MuiOutlinedInput-notchedOutline filterBorderRadius css-1d3z3hw-MuiOutlinedInput-notchedOutline"
          >
            <legend
              class="css-14lo706"
            >
              <span>
                test filter label
              </span>
            </legend>
          </fieldset>
        </div>
      </div>
    </div>
    <div
      class="header"
    >
      <div
        class="columnName cell selectionToggle"
      >
        <span
          style="display: inline-block; min-width: 42px; width: 42px;"
        />
      </div>
      <div
        class="columnName"
        style="width: 28.57142857142857%;"
        title="Resource name"
      >
        <span
          aria-label="Sort"
          class="MuiButtonBase-root MuiTableSortLabel-root ellipsis css-1qgma8u-MuiButtonBase-root-MuiTableSortLabel-root"
          data-mui-internal-clone-element="true"
          role="button"
          tabindex="0"
        >
          Resource name
          <svg
            aria-hidden="true"
            class="MuiSvgIcon-root MuiSvgIcon-fontSizeMedium MuiTableSortLabel-icon MuiTableSortLabel-iconDirectionDesc css-3l415a-MuiSvgIcon-root-MuiTableSortLabel-icon"
            data-testid="ArrowDownwardIcon"
            focusable="false"
            viewBox="0 0 24 24"
          >
            <path
              d="M20 12l-1.41-1.41L13 16.17V4h-2v12.17l-5.58-5.59L4 12l8 8 8-8z"
            />
          </svg>
        </span>
      </div>
      <div
        class="columnName"
        style="width: 42.857142857142854%;"
        title="Description"
      >
        <span
          aria-label="Cannot sort by this column"
          class="MuiButtonBase-root MuiTableSortLabel-root ellipsis css-1qgma8u-MuiButtonBase-root-MuiTableSortLabel-root"
          data-mui-internal-clone-element="true"
          role="button"
          tabindex="0"
        >
          Description
          <svg
            aria-hidden="true"
            class="MuiSvgIcon-root MuiSvgIcon-fontSizeMedium MuiTableSortLabel-icon MuiTableSortLabel-iconDirectionAsc css-1vweko9-MuiSvgIcon-root-MuiTableSortLabel-icon"
            data-testid="ArrowDownwardIcon"
            focusable="false"
            viewBox="0 0 24 24"
          >
            <path
              d="M20 12l-1.41-1.41L13 16.17V4h-2v12.17l-5.58-5.59L4 12l8 8 8-8z"
            />
          </svg>
        </span>
      </div>
      <div
        class="columnName"
        style="width: 28.57142857142857%;"
        title="Uploaded on"
      >
        <span
          aria-label="Sort"
          class="MuiButtonBase-root MuiTableSortLabel-root Mui-active ellipsis css-1qgma8u-MuiButtonBase-root-MuiTableSortLabel-root"
          data-mui-internal-clone-element="true"
          role="button"
          tabindex="0"
        >
          Uploaded on
          <svg
            aria-hidden="true"
            class="MuiSvgIcon-root MuiSvgIcon-fontSizeMedium MuiTableSortLabel-icon MuiTableSortLabel-iconDirectionDesc css-3l415a-MuiSvgIcon-root-MuiTableSortLabel-icon"
            data-testid="ArrowDownwardIcon"
            focusable="false"
            viewBox="0 0 24 24"
          >
            <path
              d="M20 12l-1.41-1.41L13 16.17V4h-2v12.17l-5.58-5.59L4 12l8 8 8-8z"
            />
          </svg>
        </span>
      </div>
    </div>
    <div
      class="scrollContainer"
      style="min-height: 60px;"
    >
      <div
        class="busyOverlay"
      />
      <span
        class="MuiCircularProgress-root MuiCircularProgress-indeterminate MuiCircularProgress-colorPrimary absoluteCenter css-18lrjg1-MuiCircularProgress-root"
        role="progressbar"
        style="width: 25px; height: 25px; z-index: 2;"
      >
        <svg
          class="MuiCircularProgress-svg css-1idz92c-MuiCircularProgress-svg"
          viewBox="22 22 44 44"
        >
          <circle
            class="MuiCircularProgress-circle MuiCircularProgress-circleIndeterminate css-176wh8e-MuiCircularProgress-circle"
            cx="44"
            cy="44"
            fill="none"
            r="20.2"
            stroke-width="3.6"
          />
        </svg>
      </span>
    </div>
    <div
      class="footer"
    >
      <span
        class=""
      >
        Rows per page:
      </span>
      <div
        class="MuiFormControl-root MuiTextField-root verticalAlignInitial rowsPerPage css-1u3bzj6-MuiFormControl-root-MuiTextField-root"
      >
        <div
          class="MuiInputBase-root MuiInput-root MuiInputBase-colorPrimary MuiInputBase-formControl css-1aa5qj0-MuiInputBase-root-MuiInput-root"
        >
          <div
            aria-controls="mui-4"
            aria-expanded="false"
            aria-haspopup="listbox"
            aria-labelledby="mui-5"
            class="MuiSelect-select MuiSelect-standard MuiInputBase-input MuiInput-input css-1rxz5jq-MuiSelect-select-MuiInputBase-input-MuiInput-input"
            id="mui-5"
            role="combobox"
            tabindex="0"
          >
            10
          </div>
          <input
            aria-hidden="true"
            aria-invalid="false"
            class="MuiSelect-nativeInput css-yf8vq0-MuiSelect-nativeInput"
            tabindex="-1"
            value="10"
          />
          <svg
            aria-hidden="true"
            class="MuiSvgIcon-root MuiSvgIcon-fontSizeMedium MuiSelect-icon MuiSelect-iconStandard css-pqjvzy-MuiSvgIcon-root-MuiSelect-icon"
            data-testid="ArrowDropDownIcon"
            focusable="false"
            viewBox="0 0 24 24"
          >
            <path
              d="M7 10l5 5 5-5z"
            />
          </svg>
        </div>
      </div>
      <button
        class="MuiButtonBase-root Mui-disabled MuiIconButton-root Mui-disabled MuiIconButton-sizeLarge css-mf1cb5-MuiButtonBase-root-MuiIconButton-root"
        disabled=""
        tabindex="-1"
        type="button"
      >
        <svg
          aria-hidden="true"
          class="MuiSvgIcon-root MuiSvgIcon-fontSizeMedium css-i4bv87-MuiSvgIcon-root"
          data-testid="ChevronLeftIcon"
          focusable="false"
          viewBox="0 0 24 24"
        >
          <path
            d="M15.41 7.41 14 6l-6 6 6 6 1.41-1.41L10.83 12z"
          />
        </svg>
      </button>
      <button
        class="MuiButtonBase-root MuiIconButton-root MuiIconButton-sizeLarge css-mf1cb5-MuiButtonBase-root-MuiIconButton-root"
        tabindex="0"
        type="button"
      >
        <svg
          aria-hidden="true"
          class="MuiSvgIcon-root MuiSvgIcon-fontSizeMedium css-i4bv87-MuiSvgIcon-root"
          data-testid="ChevronRightIcon"
          focusable="false"
          viewBox="0 0 24 24"
        >
          <path
            d="M10 6 8.59 7.41 13.17 12l-4.58 4.59L10 18l6-6z"
          />
        </svg>
        <span
          class="MuiTouchRipple-root css-8je8zh-MuiTouchRipple-root"
        />
      </button>
    </div>
  </div>
</DocumentFragment>
`;
